<testsuites id="" name="" tests="20" failures="0" skipped="0" errors="0" time="16.448291">
<testsuite name="tests/security.spec.ts" timestamp="2025-12-19T16:08:57.403Z" hostname="chromium" tests="20" failures="0" skipped="0" time="30.807" errors="0">
<testcase name="Security Headers @security › response should include security headers on public page" classname="tests/security.spec.ts" time="2.004">
<system-out>
<![CDATA[Security Headers Found: {
  [32m'x-content-type-options'[39m: [32m'nosniff'[39m,
  [32m'x-frame-options'[39m: [32m'SAMEORIGIN'[39m,
  [32m'x-xss-protection'[39m: [32m'1; mode=block'[39m,
  [32m'referrer-policy'[39m: [32m'strict-origin-when-cross-origin'[39m
}
]]>
</system-out>
</testcase>
<testcase name="Security Headers @security › API routes should include security headers" classname="tests/security.spec.ts" time="0.474">
<system-out>
<![CDATA[API Security Headers: { [32m'x-content-type-options'[39m: [32m'nosniff'[39m }
]]>
</system-out>
</testcase>
<testcase name="XSS Prevention - Client-side Validation @security @xss › DOMPurify sanitization removes script tags" classname="tests/security.spec.ts" time="2.054">
</testcase>
<testcase name="XSS Prevention - Client-side Validation @security @xss › Event handlers are stripped from HTML content" classname="tests/security.spec.ts" time="2.08">
</testcase>
<testcase name="XSS Prevention - Client-side Validation @security @xss › javascript: URLs are blocked" classname="tests/security.spec.ts" time="2.084">
</testcase>
<testcase name="Iframe URL Validation @security @iframe › YouTube embed URLs should be allowed" classname="tests/security.spec.ts" time="1.758">
</testcase>
<testcase name="Iframe URL Validation @security @iframe › YouTube-nocookie URLs should be allowed" classname="tests/security.spec.ts" time="1.371">
</testcase>
<testcase name="Iframe URL Validation @security @iframe › Vimeo player URLs should be allowed" classname="tests/security.spec.ts" time="1.305">
</testcase>
<testcase name="Iframe URL Validation @security @iframe › localhost URLs should be blocked for iframes" classname="tests/security.spec.ts" time="1.269">
</testcase>
<testcase name="Iframe URL Validation @security @iframe › private IP addresses should be blocked" classname="tests/security.spec.ts" time="1.361">
</testcase>
<testcase name="Iframe URL Validation @security @iframe › malicious look-alike domains should be blocked" classname="tests/security.spec.ts" time="1.287">
</testcase>
<testcase name="SSRF Prevention Validation @security @ssrf › internal hostnames should be detected as blocked" classname="tests/security.spec.ts" time="1.04">
</testcase>
<testcase name="SSRF Prevention Validation @security @ssrf › AWS/cloud metadata endpoints should be blocked" classname="tests/security.spec.ts" time="1.017">
</testcase>
<testcase name="Rate Limiting @security @ratelimit › rate limit response should include Spanish error message" classname="tests/security.spec.ts" time="0.534">
<system-out>
<![CDATA[Rate limit test results: [
  { status: [33m401[39m, body: [1mnull[22m },
  { status: [33m401[39m, body: [1mnull[22m },
  { status: [33m401[39m, body: [1mnull[22m },
  { status: [33m401[39m, body: [1mnull[22m },
  { status: [33m401[39m, body: [1mnull[22m },
  { status: [33m401[39m, body: [1mnull[22m },
  { status: [33m401[39m, body: [1mnull[22m },
  { status: [33m401[39m, body: [1mnull[22m },
  { status: [33m401[39m, body: [1mnull[22m },
  { status: [33m401[39m, body: [1mnull[22m },
  {
    status: [33m429[39m,
    body: {
      error: [32m'Demasiadas solicitudes. Por favor, intente de nuevo más tarde.'[39m,
      retryAfter: [33m60[39m
    }
  }
]
]]>
</system-out>
</testcase>
<testcase name="Rate Limiting @security @ratelimit › rate limit headers should be set on responses" classname="tests/security.spec.ts" time="0.322">
<system-out>
<![CDATA[Response headers: {
  [32m'x-ratelimit-limit'[39m: [32m'10'[39m,
  [32m'x-ratelimit-remaining'[39m: [32m'9'[39m,
  [32m'x-ratelimit-reset'[39m: [32m'1766160603'[39m
}
]]>
</system-out>
</testcase>
<testcase name="Login Page Security @security › login page should not have any XSS vulnerabilities" classname="tests/security.spec.ts" time="6.222">
</testcase>
<testcase name="Login Page Security @security › login form should use secure submission" classname="tests/security.spec.ts" time="1.406">
</testcase>
<testcase name="Login Page Security @security › password input should be of type password" classname="tests/security.spec.ts" time="1.29">
</testcase>
<testcase name="HTML Escape Validation @security › special characters should be properly escaped" classname="tests/security.spec.ts" time="0.732">
</testcase>
<testcase name="Cookie and Session Security @security › login page sets appropriate cookie policies" classname="tests/security.spec.ts" time="1.197">
<system-out>
<![CDATA[Cookies set on login page: []
]]>
</system-out>
</testcase>
</testsuite>
</testsuites>